=== 20:54:03 IQ3_XXS hf.co tag removed (C: 45 GB free)
=== 20:54:03 strip IQ2_M (C: 45 GB free)
[?2026h[?25l[1Ggathering model components ⠙ [K[?25h[?2026l[?2026h[?25l[1Ggathering model components ⠹ [K[?25h[?2026l[?2026h[?25l[1Ggathering model components ⠸ [K[?25h[?2026l[?2026h[?25l[1Ggathering model components ⠼ [K[?25h[?2026l[?2026h[?25l[1Ggathering model components ⠼ [K[?25h[?2026l[?2026h[?25l[1Ggathering model components ⠦ [K[?25h[?2026l[?2026h[?25l[1Ggathering model components ⠦ [K[?25h[?2026l[?2026h[?25l[1Ggathering model components ⠧ [K[?25h[?2026l[?2026h[?25l[1Ggathering model components ⠏ [K[?25h[?2026l[?2026h[?25l[1Ggathering model components ⠏ [K[?25h[?2026l[?2026h[?25l[1Ggathering model components ⠙ [K[?25h[?2026l[?2026h[?25l[1Ggathering model components ⠙ [K[?25h[?2026l[?2026h[?25l[1Ggathering model components ⠹ [K[?25h[?2026l[?2026h[?25l[1Ggathering model components ⠼ [K[?25h[?2026l[?2026h[?25l[1Ggathering model components ⠴ [K[?25h[?2026l[?2026h[?25l[1Ggathering model components ⠦ [K[?25h[?2026l[?2026h[?25l[1Ggathering model components ⠧ [K[?25h[?2026l[?2026h[?25l[1Ggathering model components ⠧ [K[?25h[?2026l[?2026h[?25l[1Ggathering model components ⠇ [K[?25h[?2026l[?2026h[?25l[1Ggathering model components ⠏ [K[?25h[?2026l[?2026h[?25l[1Ggathering model components ⠋ [K[?25h[?2026l[?2026h[?25l[1Ggathering model components ⠙ [K[?25h[?2026l[?2026h[?25l[1Ggathering model components ⠸ [K[?25h[?2026l[?2026h[?25l[1Ggathering model components ⠸ [K[?25h[?2026l[?2026h[?25l[1Ggathering model components ⠼ [K[?25h[?2026l[?2026h[?25l[1Ggathering model components ⠴ [K[?25h[?2026l[?2026h[?25l[1Ggathering model components ⠦ [K[?25h[?2026l[?2026h[?25l[1Ggathering model components ⠇ [K[?25h[?2026l[?2026h[?25l[1Ggathering model components ⠏ [K[?25h[?2026l[?2026h[?25l[1Ggathering model components ⠏ [K[?25h[?2026l[?2026h[?25l[1Ggathering model components ⠋ [K[?25h[?2026l[?2026h[?25l[1Ggathering model components ⠙ [K[?25h[?2026l[?2026h[?25l[1Ggathering model components ⠹ [K[?25h[?2026l[?2026h[?25l[1Ggathering model components ⠸ [K[?25h[?2026l[?2026h[?25l[1Ggathering model components ⠼ [K[?25h[?2026l[?2026h[?25l[1Ggathering model components ⠦ [K[?25h[?2026l[?2026h[?25l[1Ggathering model components ⠧ [K[?25h[?2026l[?2026h[?25l[1Ggathering model components ⠇ [K[?25h[?2026l[?2026h[?25l[1Ggathering model components ⠇ [K[?25h[?2026l[?2026h[?25l[1Ggathering model components ⠏ [K[?25h[?2026l[?2026h[?25l[1Ggathering model components ⠋ [K[?25h[?2026l[?2026h[?25l[1Ggathering model components ⠹ [K[?25h[?2026l[?2026h[?25l[1Ggathering model components ⠹ [K[?25h[?2026l[?2026h[?25l[1Ggathering model components ⠸ [K[?25h[?2026l[?2026h[?25l[1Ggathering model components ⠴ [K[?25h[?2026l[?2026h[?25l[1Ggathering model components ⠴ [K[?25h[?2026l[?2026h[?25l[1Ggathering model components ⠦ [K[?25h[?2026l[?2026h[?25l[1Ggathering model components ⠇ [K[?25h[?2026l[?2026h[?25l[1Ggathering model components ⠇ [K[?25h[?2026l[?2026h[?25l[1Ggathering model components ⠏ [K[?25h[?2026l[?2026h[?25l[1Ggathering model components ⠋ [K[?25h[?2026l[?2026h[?25l[1Ggathering model components ⠙ [K[?25h[?2026l[?2026h[?25l[1Ggathering model components ⠸ [K[?25h[?2026l[?2026h[?25l[1Ggathering model components ⠼ [K[?25h[?2026l[?2026h[?25l[1Ggathering model components ⠼ [K[?25h[?2026l[?2026h[?25l[1Ggathering model components ⠴ [K[?25h[?2026l[?2026h[?25l[1Ggathering model components ⠦ [K[?25h[?2026l[?2026h[?25l[1Ggathering model components ⠇ [K[?25h[?2026l[?2026h[?25l[1Ggathering model components ⠇ [K[?25h[?2026l[?2026h[?25l[1Ggathering model components ⠏ [K[?25h[?2026l[?2026h[?25l[1Ggathering model components ⠋ [K[?25h[?2026l[?2026h[?25l[1Ggathering model components ⠹ [K[?25h[?2026l[?2026h[?25l[1Ggathering model components ⠸ [K[?25h[?2026l[?2026h[?25l[1Ggathering model components ⠼ [K[?25h[?2026l[?2026h[?25l[1Ggathering model components ⠼ [K[?25h[?2026l[?2026h[?25l[1Ggathering model components ⠦ [K[?25h[?2026l[?2026h[?25l[1Ggathering model components ⠧ [K[?25h[?2026l[?2026h[?25l[1Ggathering model components ⠇ [K[?25h[?2026l[?2026h[?25l[1Ggathering model components ⠇ [K[?25h[?2026l[?2026h[?25l[1Ggathering model components ⠋ [K[?25h[?2026l[?2026h[?25l[1Ggathering model components ⠙ [K[?25h[?2026l[?2026h[?25l[1Ggathering model components ⠹ [K[?25h[?2026l[?2026h[?25l[1Ggathering model components ⠹ [K[?25h[?2026l[?2026h[?25l[1Ggathering model components ⠸ [K[?25h[?2026l[?2026h[?25l[1Ggathering model components ⠴ [K[?25h[?2026l[?2026h[?25l[1Ggathering model components ⠴ [K[?25h[?2026l[?2026h[?25l[1Ggathering model components [K
copying file sha256:b777952c0a430cd48016dec58a1d84cfd41466eefbc1f59a9f857fe5599fbbc8 100% [K
parsing GGUF ⠋ [K[?25h[?2026l[?2026h[?25l[A[A[1Ggathering model components [K
copying file sha256:b777952c0a430cd48016dec58a1d84cfd41466eefbc1f59a9f857fe5599fbbc8 100% [K
parsing GGUF ⠙ [K[?25h[?2026l[?2026h[?25l[A[A[1Ggathering model components [K
copying file sha256:b777952c0a430cd48016dec58a1d84cfd41466eefbc1f59a9f857fe5599fbbc8 100% [K
parsing GGUF ⠹ [K[?25h[?2026l[?2026h[?25l[A[A[1Ggathering model components [K
copying file sha256:b777952c0a430cd48016dec58a1d84cfd41466eefbc1f59a9f857fe5599fbbc8 100% [K
parsing GGUF ⠸ [K[?25h[?2026l[?2026h[?25l[A[A[1Ggathering model components [K
copying file sha256:b777952c0a430cd48016dec58a1d84cfd41466eefbc1f59a9f857fe5599fbbc8 100% [K
parsing GGUF ⠼ [K[?25h[?2026l[?2026h[?25l[A[A[1Ggathering model components [K
copying file sha256:b777952c0a430cd48016dec58a1d84cfd41466eefbc1f59a9f857fe5599fbbc8 100% [K
parsing GGUF ⠴ [K[?25h[?2026l[?2026h[?25l[A[A[1Ggathering model components [K
copying file sha256:b777952c0a430cd48016dec58a1d84cfd41466eefbc1f59a9f857fe5599fbbc8 100% [K
parsing GGUF ⠦ [K[?25h[?2026l[?2026h[?25l[A[A[1Ggathering model components [K
copying file sha256:b777952c0a430cd48016dec58a1d84cfd41466eefbc1f59a9f857fe5599fbbc8 100% [K
parsing GGUF ⠧ [K[?25h[?2026l[?2026h[?25l[A[A[1Ggathering model components [K
copying file sha256:b777952c0a430cd48016dec58a1d84cfd41466eefbc1f59a9f857fe5599fbbc8 100% [K
parsing GGUF ⠇ [K[?25h[?2026l[?2026h[?25l[A[A[1Ggathering model components [K
copying file sha256:b777952c0a430cd48016dec58a1d84cfd41466eefbc1f59a9f857fe5599fbbc8 100% [K
parsing GGUF ⠏ [K[?25h[?2026l[?2026h[?25l[A[A[1Ggathering model components [K
copying file sha256:b777952c0a430cd48016dec58a1d84cfd41466eefbc1f59a9f857fe5599fbbc8 100% [K
parsing GGUF ⠋ [K[?25h[?2026l[?2026h[?25l[A[A[1Ggathering model components [K
copying file sha256:b777952c0a430cd48016dec58a1d84cfd41466eefbc1f59a9f857fe5599fbbc8 100% [K
parsing GGUF ⠙ [K[?25h[?2026l[?2026h[?25l[A[A[1Ggathering model components [K
copying file sha256:b777952c0a430cd48016dec58a1d84cfd41466eefbc1f59a9f857fe5599fbbc8 100% [K
parsing GGUF ⠹ [K[?25h[?2026l[?2026h[?25l[A[A[1Ggathering model components [K
copying file sha256:b777952c0a430cd48016dec58a1d84cfd41466eefbc1f59a9f857fe5599fbbc8 100% [K
parsing GGUF ⠸ [K[?25h[?2026l[?2026h[?25l[A[A[1Ggathering model components [K
copying file sha256:b777952c0a430cd48016dec58a1d84cfd41466eefbc1f59a9f857fe5599fbbc8 100% [K
parsing GGUF ⠼ [K[?25h[?2026l[?2026h[?25l[A[A[1Ggathering model components [K
copying file sha256:b777952c0a430cd48016dec58a1d84cfd41466eefbc1f59a9f857fe5599fbbc8 100% [K
parsing GGUF ⠴ [K[?25h[?2026l[?2026h[?25l[A[A[1Ggathering model components [K
copying file sha256:b777952c0a430cd48016dec58a1d84cfd41466eefbc1f59a9f857fe5599fbbc8 100% [K
parsing GGUF ⠦ [K[?25h[?2026l[?2026h[?25l[A[A[1Ggathering model components [K
copying file sha256:b777952c0a430cd48016dec58a1d84cfd41466eefbc1f59a9f857fe5599fbbc8 100% [K
parsing GGUF ⠧ [K[?25h[?2026l[?2026h[?25l[A[A[1Ggathering model components [K
copying file sha256:b777952c0a430cd48016dec58a1d84cfd41466eefbc1f59a9f857fe5599fbbc8 100% [K
parsing GGUF ⠇ [K[?25h[?2026l[?2026h[?25l[A[A[1Ggathering model components [K
copying file sha256:b777952c0a430cd48016dec58a1d84cfd41466eefbc1f59a9f857fe5599fbbc8 100% [K
parsing GGUF ⠏ [K[?25h[?2026l[?2026h[?25l[A[A[1Ggathering model components [K
copying file sha256:b777952c0a430cd48016dec58a1d84cfd41466eefbc1f59a9f857fe5599fbbc8 100% [K
parsing GGUF ⠋ [K[?25h[?2026l[?2026h[?25l[A[A[1Ggathering model components [K
copying file sha256:b777952c0a430cd48016dec58a1d84cfd41466eefbc1f59a9f857fe5599fbbc8 100% [K
parsing GGUF ⠙ [K[?25h[?2026l[?2026h[?25l[A[A[1Ggathering model components [K
copying file sha256:b777952c0a430cd48016dec58a1d84cfd41466eefbc1f59a9f857fe5599fbbc8 100% [K
parsing GGUF ⠹ [K[?25h[?2026l[?2026h[?25l[A[A[1Ggathering model components [K
copying file sha256:b777952c0a430cd48016dec58a1d84cfd41466eefbc1f59a9f857fe5599fbbc8 100% [K
parsing GGUF ⠸ [K[?25h[?2026l[?2026h[?25l[A[A[1Ggathering model components [K
copying file sha256:b777952c0a430cd48016dec58a1d84cfd41466eefbc1f59a9f857fe5599fbbc8 100% [K
parsing GGUF ⠼ [K[?25h[?2026l[?2026h[?25l[A[A[1Ggathering model components [K
copying file sha256:b777952c0a430cd48016dec58a1d84cfd41466eefbc1f59a9f857fe5599fbbc8 100% [K
parsing GGUF ⠴ [K[?25h[?2026l[?2026h[?25l[A[A[1Ggathering model components [K
copying file sha256:b777952c0a430cd48016dec58a1d84cfd41466eefbc1f59a9f857fe5599fbbc8 100% [K
parsing GGUF ⠦ [K[?25h[?2026l[?2026h[?25l[A[A[1Ggathering model components [K
copying file sha256:b777952c0a430cd48016dec58a1d84cfd41466eefbc1f59a9f857fe5599fbbc8 100% [K
parsing GGUF ⠧ [K[?25h[?2026l[?2026h[?25l[A[A[1Ggathering model components [K
copying file sha256:b777952c0a430cd48016dec58a1d84cfd41466eefbc1f59a9f857fe5599fbbc8 100% [K
parsing GGUF ⠇ [K[?25h[?2026l[?2026h[?25l[A[A[1Ggathering model components [K
copying file sha256:b777952c0a430cd48016dec58a1d84cfd41466eefbc1f59a9f857fe5599fbbc8 100% [K
parsing GGUF ⠏ [K[?25h[?2026l[?2026h[?25l[A[A[1Ggathering model components [K
copying file sha256:b777952c0a430cd48016dec58a1d84cfd41466eefbc1f59a9f857fe5599fbbc8 100% [K
parsing GGUF ⠋ [K[?25h[?2026l[?2026h[?25l[A[A[1Ggathering model components [K
copying file sha256:b777952c0a430cd48016dec58a1d84cfd41466eefbc1f59a9f857fe5599fbbc8 100% [K
parsing GGUF ⠙ [K[?25h[?2026l[?2026h[?25l[A[A[1Ggathering model components [K
copying file sha256:b777952c0a430cd48016dec58a1d84cfd41466eefbc1f59a9f857fe5599fbbc8 100% [K
parsing GGUF ⠹ [K[?25h[?2026l[?2026h[?25l[A[A[1Ggathering model components [K
copying file sha256:b777952c0a430cd48016dec58a1d84cfd41466eefbc1f59a9f857fe5599fbbc8 100% [K
parsing GGUF ⠸ [K[?25h[?2026l[?2026h[?25l[A[A[1Ggathering model components [K
copying file sha256:b777952c0a430cd48016dec58a1d84cfd41466eefbc1f59a9f857fe5599fbbc8 100% [K
parsing GGUF ⠼ [K[?25h[?2026l[?2026h[?25l[A[A[1Ggathering model components [K
copying file sha256:b777952c0a430cd48016dec58a1d84cfd41466eefbc1f59a9f857fe5599fbbc8 100% [K
parsing GGUF ⠴ [K[?25h[?2026l[?2026h[?25l[A[A[1Ggathering model components [K
copying file sha256:b777952c0a430cd48016dec58a1d84cfd41466eefbc1f59a9f857fe5599fbbc8 100% [K
parsing GGUF ⠦ [K[?25h[?2026l[?2026h[?25l[A[A[1Ggathering model components [K
copying file sha256:b777952c0a430cd48016dec58a1d84cfd41466eefbc1f59a9f857fe5599fbbc8 100% [K
parsing GGUF ⠧ [K[?25h[?2026l[?2026h[?25l[A[A[1Ggathering model components [K
copying file sha256:b777952c0a430cd48016dec58a1d84cfd41466eefbc1f59a9f857fe5599fbbc8 100% [K
parsing GGUF ⠇ [K[?25h[?2026l[?2026h[?25l[A[A[1Ggathering model components [K
copying file sha256:b777952c0a430cd48016dec58a1d84cfd41466eefbc1f59a9f857fe5599fbbc8 100% [K
parsing GGUF ⠏ [K[?25h[?2026l[?2026h[?25l[A[A[1Ggathering model components [K
copying file sha256:b777952c0a430cd48016dec58a1d84cfd41466eefbc1f59a9f857fe5599fbbc8 100% [K
parsing GGUF ⠋ [K[?25h[?2026l[?2026h[?25l[A[A[1Ggathering model components [K
copying file sha256:b777952c0a430cd48016dec58a1d84cfd41466eefbc1f59a9f857fe5599fbbc8 100% [K
parsing GGUF ⠙ [K[?25h[?2026l[?2026h[?25l[A[A[1Ggathering model components [K
copying file sha256:b777952c0a430cd48016dec58a1d84cfd41466eefbc1f59a9f857fe5599fbbc8 100% [K
parsing GGUF ⠹ [K[?25h[?2026l[?2026h[?25l[A[A[1Ggathering model components [K
copying file sha256:b777952c0a430cd48016dec58a1d84cfd41466eefbc1f59a9f857fe5599fbbc8 100% [K
parsing GGUF ⠸ [K[?25h[?2026l[?2026h[?25l[A[A[1Ggathering model components [K
copying file sha256:b777952c0a430cd48016dec58a1d84cfd41466eefbc1f59a9f857fe5599fbbc8 100% [K
parsing GGUF ⠼ [K[?25h[?2026l[?2026h[?25l[A[A[1Ggathering model components [K
copying file sha256:b777952c0a430cd48016dec58a1d84cfd41466eefbc1f59a9f857fe5599fbbc8 100% [K
parsing GGUF ⠴ [K[?25h[?2026l[?2026h[?25l[A[A[1Ggathering model components [K
copying file sha256:b777952c0a430cd48016dec58a1d84cfd41466eefbc1f59a9f857fe5599fbbc8 100% [K
parsing GGUF ⠦ [K[?25h[?2026l[?2026h[?25l[A[A[1Ggathering model components [K
copying file sha256:b777952c0a430cd48016dec58a1d84cfd41466eefbc1f59a9f857fe5599fbbc8 100% [K
parsing GGUF ⠧ [K[?25h[?2026l[?2026h[?25l[A[A[1Ggathering model components [K
copying file sha256:b777952c0a430cd48016dec58a1d84cfd41466eefbc1f59a9f857fe5599fbbc8 100% [K
parsing GGUF ⠇ [K[?25h[?2026l[?2026h[?25l[A[A[1Ggathering model components [K
copying file sha256:b777952c0a430cd48016dec58a1d84cfd41466eefbc1f59a9f857fe5599fbbc8 100% [K
parsing GGUF ⠏ [K[?25h[?2026l[?2026h[?25l[A[A[1Ggathering model components [K
copying file sha256:b777952c0a430cd48016dec58a1d84cfd41466eefbc1f59a9f857fe5599fbbc8 100% [K
parsing GGUF ⠋ [K[?25h[?2026l[?2026h[?25l[A[A[1Ggathering model components [K
copying file sha256:b777952c0a430cd48016dec58a1d84cfd41466eefbc1f59a9f857fe5599fbbc8 100% [K
parsing GGUF ⠙ [K[?25h[?2026l[?2026h[?25l[A[A[1Ggathering model components [K
copying file sha256:b777952c0a430cd48016dec58a1d84cfd41466eefbc1f59a9f857fe5599fbbc8 100% [K
parsing GGUF ⠹ [K[?25h[?2026l[?2026h[?25l[A[A[1Ggathering model components [K
copying file sha256:b777952c0a430cd48016dec58a1d84cfd41466eefbc1f59a9f857fe5599fbbc8 100% [K
parsing GGUF ⠸ [K[?25h[?2026l[?2026h[?25l[A[A[1Ggathering model components [K
copying file sha256:b777952c0a430cd48016dec58a1d84cfd41466eefbc1f59a9f857fe5599fbbc8 100% [K
parsing GGUF ⠼ [K[?25h[?2026l[?2026h[?25l[A[A[1Ggathering model components [K
copying file sha256:b777952c0a430cd48016dec58a1d84cfd41466eefbc1f59a9f857fe5599fbbc8 100% [K
parsing GGUF ⠴ [K[?25h[?2026l[?2026h[?25l[A[A[1Ggathering model components [K
copying file sha256:b777952c0a430cd48016dec58a1d84cfd41466eefbc1f59a9f857fe5599fbbc8 100% [K
parsing GGUF ⠦ [K[?25h[?2026l[?2026h[?25l[A[A[1Ggathering model components [K
copying file sha256:b777952c0a430cd48016dec58a1d84cfd41466eefbc1f59a9f857fe5599fbbc8 100% [K
parsing GGUF ⠧ [K[?25h[?2026l[?2026h[?25l[A[A[1Ggathering model components [K
copying file sha256:b777952c0a430cd48016dec58a1d84cfd41466eefbc1f59a9f857fe5599fbbc8 100% [K
parsing GGUF ⠇ [K[?25h[?2026l[?2026h[?25l[A[A[1Ggathering model components [K
copying file sha256:b777952c0a430cd48016dec58a1d84cfd41466eefbc1f59a9f857fe5599fbbc8 100% [K
parsing GGUF ⠏ [K[?25h[?2026l[?2026h[?25l[A[A[1Ggathering model components [K
copying file sha256:b777952c0a430cd48016dec58a1d84cfd41466eefbc1f59a9f857fe5599fbbc8 100% [K
parsing GGUF ⠋ [K[?25h[?2026l[?2026h[?25l[A[A[1Ggathering model components [K
copying file sha256:b777952c0a430cd48016dec58a1d84cfd41466eefbc1f59a9f857fe5599fbbc8 100% [K
parsing GGUF ⠙ [K[?25h[?2026l[?2026h[?25l[A[A[1Ggathering model components [K
copying file sha256:b777952c0a430cd48016dec58a1d84cfd41466eefbc1f59a9f857fe5599fbbc8 100% [K
parsing GGUF ⠹ [K[?25h[?2026l[?2026h[?25l[A[A[1Ggathering model components [K
copying file sha256:b777952c0a430cd48016dec58a1d84cfd41466eefbc1f59a9f857fe5599fbbc8 100% [K
parsing GGUF ⠸ [K[?25h[?2026l[?2026h[?25l[A[A[1Ggathering model components [K
copying file sha256:b777952c0a430cd48016dec58a1d84cfd41466eefbc1f59a9f857fe5599fbbc8 100% [K
parsing GGUF ⠼ [K[?25h[?2026l[?2026h[?25l[A[A[1Ggathering model components [K
copying file sha256:b777952c0a430cd48016dec58a1d84cfd41466eefbc1f59a9f857fe5599fbbc8 100% [K
parsing GGUF ⠴ [K[?25h[?2026l[?2026h[?25l[A[A[1Ggathering model components [K
copying file sha256:b777952c0a430cd48016dec58a1d84cfd41466eefbc1f59a9f857fe5599fbbc8 100% [K
parsing GGUF ⠦ [K[?25h[?2026l[?2026h[?25l[A[A[1Ggathering model components [K
copying file sha256:b777952c0a430cd48016dec58a1d84cfd41466eefbc1f59a9f857fe5599fbbc8 100% [K
parsing GGUF ⠧ [K[?25h[?2026l[?2026h[?25l[A[A[1Ggathering model components [K
copying file sha256:b777952c0a430cd48016dec58a1d84cfd41466eefbc1f59a9f857fe5599fbbc8 100% [K
parsing GGUF ⠇ [K[?25h[?2026l[?2026h[?25l[A[A[1Ggathering model components [K
copying file sha256:b777952c0a430cd48016dec58a1d84cfd41466eefbc1f59a9f857fe5599fbbc8 100% [K
parsing GGUF ⠏ [K[?25h[?2026l[?2026h[?25l[A[A[1Ggathering model components [K
copying file sha256:b777952c0a430cd48016dec58a1d84cfd41466eefbc1f59a9f857fe5599fbbc8 100% [K
parsing GGUF ⠋ [K[?25h[?2026l[?2026h[?25l[A[A[1Ggathering model components [K
copying file sha256:b777952c0a430cd48016dec58a1d84cfd41466eefbc1f59a9f857fe5599fbbc8 100% [K
parsing GGUF ⠙ [K[?25h[?2026l[?2026h[?25l[A[A[1Ggathering model components [K
copying file sha256:b777952c0a430cd48016dec58a1d84cfd41466eefbc1f59a9f857fe5599fbbc8 100% [K
parsing GGUF ⠹ [K[?25h[?2026l[?2026h[?25l[A[A[1Ggathering model components [K
copying file sha256:b777952c0a430cd48016dec58a1d84cfd41466eefbc1f59a9f857fe5599fbbc8 100% [K
parsing GGUF ⠸ [K[?25h[?2026l[?2026h[?25l[A[A[1Ggathering model components [K
copying file sha256:b777952c0a430cd48016dec58a1d84cfd41466eefbc1f59a9f857fe5599fbbc8 100% [K
parsing GGUF ⠼ [K[?25h[?2026l[?2026h[?25l[A[A[1Ggathering model components [K
copying file sha256:b777952c0a430cd48016dec58a1d84cfd41466eefbc1f59a9f857fe5599fbbc8 100% [K
parsing GGUF ⠴ [K[?25h[?2026l[?2026h[?25l[A[A[1Ggathering model components [K
copying file sha256:b777952c0a430cd48016dec58a1d84cfd41466eefbc1f59a9f857fe5599fbbc8 100% [K
parsing GGUF ⠦ [K[?25h[?2026l[?2026h[?25l[A[A[1Ggathering model components [K
copying file sha256:b777952c0a430cd48016dec58a1d84cfd41466eefbc1f59a9f857fe5599fbbc8 100% [K
parsing GGUF ⠧ [K[?25h[?2026l[?2026h[?25l[A[A[1Ggathering model components [K
copying file sha256:b777952c0a430cd48016dec58a1d84cfd41466eefbc1f59a9f857fe5599fbbc8 100% [K
parsing GGUF ⠇ [K[?25h[?2026l[?2026h[?25l[A[A[1Ggathering model components [K
copying file sha256:b777952c0a430cd48016dec58a1d84cfd41466eefbc1f59a9f857fe5599fbbc8 100% [K
parsing GGUF ⠏ [K[?25h[?2026l[?2026h[?25l[A[A[1Ggathering model components [K
copying file sha256:b777952c0a430cd48016dec58a1d84cfd41466eefbc1f59a9f857fe5599fbbc8 100% [K
parsing GGUF ⠋ [K[?25h[?2026l[?2026h[?25l[A[A[1Ggathering model components [K
copying file sha256:b777952c0a430cd48016dec58a1d84cfd41466eefbc1f59a9f857fe5599fbbc8 100% [K
parsing GGUF ⠙ [K[?25h[?2026l[?2026h[?25l[A[A[1Ggathering model components [K
copying file sha256:b777952c0a430cd48016dec58a1d84cfd41466eefbc1f59a9f857fe5599fbbc8 100% [K
parsing GGUF ⠹ [K[?25h[?2026l[?2026h[?25l[A[A[1Ggathering model components [K
copying file sha256:b777952c0a430cd48016dec58a1d84cfd41466eefbc1f59a9f857fe5599fbbc8 100% [K
parsing GGUF ⠸ [K[?25h[?2026l[?2026h[?25l[A[A[1Ggathering model components [K
copying file sha256:b777952c0a430cd48016dec58a1d84cfd41466eefbc1f59a9f857fe5599fbbc8 100% [K
parsing GGUF ⠼ [K[?25h[?2026l[?2026h[?25l[A[A[1Ggathering model components [K
copying file sha256:b777952c0a430cd48016dec58a1d84cfd41466eefbc1f59a9f857fe5599fbbc8 100% [K
parsing GGUF ⠴ [K[?25h[?2026l[?2026h[?25l[A[A[1Ggathering model components [K
copying file sha256:b777952c0a430cd48016dec58a1d84cfd41466eefbc1f59a9f857fe5599fbbc8 100% [K
parsing GGUF ⠦ [K[?25h[?2026l[?2026h[?25l[A[A[1Ggathering model components [K
copying file sha256:b777952c0a430cd48016dec58a1d84cfd41466eefbc1f59a9f857fe5599fbbc8 100% [K
parsing GGUF ⠧ [K[?25h[?2026l[?2026h[?25l[A[A[1Ggathering model components [K
copying file sha256:b777952c0a430cd48016dec58a1d84cfd41466eefbc1f59a9f857fe5599fbbc8 100% [K
parsing GGUF ⠇ [K[?25h[?2026l[?2026h[?25l[A[A[1Ggathering model components [K
copying file sha256:b777952c0a430cd48016dec58a1d84cfd41466eefbc1f59a9f857fe5599fbbc8 100% [K
parsing GGUF ⠏ [K[?25h[?2026l[?2026h[?25l[A[A[1Ggathering model components [K
copying file sha256:b777952c0a430cd48016dec58a1d84cfd41466eefbc1f59a9f857fe5599fbbc8 100% [K
parsing GGUF ⠋ [K[?25h[?2026l[?2026h[?25l[A[A[1Ggathering model components [K
copying file sha256:b777952c0a430cd48016dec58a1d84cfd41466eefbc1f59a9f857fe5599fbbc8 100% [K
parsing GGUF ⠙ [K[?25h[?2026l[?2026h[?25l[A[A[1Ggathering model components [K
copying file sha256:b777952c0a430cd48016dec58a1d84cfd41466eefbc1f59a9f857fe5599fbbc8 100% [K
parsing GGUF ⠹ [K[?25h[?2026l[?2026h[?25l[A[A[1Ggathering model components [K
copying file sha256:b777952c0a430cd48016dec58a1d84cfd41466eefbc1f59a9f857fe5599fbbc8 100% [K
parsing GGUF ⠸ [K[?25h[?2026l[?2026h[?25l[A[A[1Ggathering model components [K
copying file sha256:b777952c0a430cd48016dec58a1d84cfd41466eefbc1f59a9f857fe5599fbbc8 100% [K
parsing GGUF ⠼ [K[?25h[?2026l[?2026h[?25l[A[A[1Ggathering model components [K
copying file sha256:b777952c0a430cd48016dec58a1d84cfd41466eefbc1f59a9f857fe5599fbbc8 100% [K
parsing GGUF ⠴ [K[?25h[?2026l[?2026h[?25l[A[A[1Ggathering model components [K
copying file sha256:b777952c0a430cd48016dec58a1d84cfd41466eefbc1f59a9f857fe5599fbbc8 100% [K
parsing GGUF ⠦ [K[?25h[?2026l[?2026h[?25l[A[A[1Ggathering model components [K
copying file sha256:b777952c0a430cd48016dec58a1d84cfd41466eefbc1f59a9f857fe5599fbbc8 100% [K
parsing GGUF ⠧ [K[?25h[?2026l[?2026h[?25l[A[A[1Ggathering model components [K
copying file sha256:b777952c0a430cd48016dec58a1d84cfd41466eefbc1f59a9f857fe5599fbbc8 100% [K
parsing GGUF ⠇ [K[?25h[?2026l[?2026h[?25l[A[A[1Ggathering model components [K
copying file sha256:b777952c0a430cd48016dec58a1d84cfd41466eefbc1f59a9f857fe5599fbbc8 100% [K
parsing GGUF ⠏ [K[?25h[?2026l[?2026h[?25l[A[A[1Ggathering model components [K
copying file sha256:b777952c0a430cd48016dec58a1d84cfd41466eefbc1f59a9f857fe5599fbbc8 100% [K
parsing GGUF ⠋ [K[?25h[?2026l[?2026h[?25l[A[A[1Ggathering model components [K
copying file sha256:b777952c0a430cd48016dec58a1d84cfd41466eefbc1f59a9f857fe5599fbbc8 100% [K
parsing GGUF ⠙ [K[?25h[?2026l[?2026h[?25l[A[A[1Ggathering model components [K
copying file sha256:b777952c0a430cd48016dec58a1d84cfd41466eefbc1f59a9f857fe5599fbbc8 100% [K
parsing GGUF ⠹ [K[?25h[?2026l[?2026h[?25l[A[A[1Ggathering model components [K
copying file sha256:b777952c0a430cd48016dec58a1d84cfd41466eefbc1f59a9f857fe5599fbbc8 100% [K
parsing GGUF ⠸ [K[?25h[?2026l[?2026h[?25l[A[A[1Ggathering model components [K
copying file sha256:b777952c0a430cd48016dec58a1d84cfd41466eefbc1f59a9f857fe5599fbbc8 100% [K
parsing GGUF ⠼ [K[?25h[?2026l[?2026h[?25l[A[A[1Ggathering model components [K
copying file sha256:b777952c0a430cd48016dec58a1d84cfd41466eefbc1f59a9f857fe5599fbbc8 100% [K
parsing GGUF ⠴ [K[?25h[?2026l[?2026h[?25l[A[A[1Ggathering model components [K
copying file sha256:b777952c0a430cd48016dec58a1d84cfd41466eefbc1f59a9f857fe5599fbbc8 100% [K
parsing GGUF ⠦ [K[?25h[?2026l[?2026h[?25l[A[A[1Ggathering model components [K
copying file sha256:b777952c0a430cd48016dec58a1d84cfd41466eefbc1f59a9f857fe5599fbbc8 100% [K
parsing GGUF ⠧ [K[?25h[?2026l[?2026h[?25l[A[A[1Ggathering model components [K
copying file sha256:b777952c0a430cd48016dec58a1d84cfd41466eefbc1f59a9f857fe5599fbbc8 100% [K
parsing GGUF ⠇ [K[?25h[?2026l[?2026h[?25l[A[A[1Ggathering model components [K
copying file sha256:b777952c0a430cd48016dec58a1d84cfd41466eefbc1f59a9f857fe5599fbbc8 100% [K
parsing GGUF ⠏ [K[?25h[?2026l[?2026h[?25l[A[A[1Ggathering model components [K
copying file sha256:b777952c0a430cd48016dec58a1d84cfd41466eefbc1f59a9f857fe5599fbbc8 100% [K
parsing GGUF ⠋ [K[?25h[?2026l[?2026h[?25l[A[A[1Ggathering model components [K
copying file sha256:b777952c0a430cd48016dec58a1d84cfd41466eefbc1f59a9f857fe5599fbbc8 100% [K
parsing GGUF ⠙ [K[?25h[?2026l[?2026h[?25l[A[A[1Ggathering model components [K
copying file sha256:b777952c0a430cd48016dec58a1d84cfd41466eefbc1f59a9f857fe5599fbbc8 100% [K
parsing GGUF ⠹ [K[?25h[?2026l[?2026h[?25l[A[A[1Ggathering model components [K
copying file sha256:b777952c0a430cd48016dec58a1d84cfd41466eefbc1f59a9f857fe5599fbbc8 100% [K
parsing GGUF ⠸ [K[?25h[?2026l[?2026h[?25l[A[A[1Ggathering model components [K
copying file sha256:b777952c0a430cd48016dec58a1d84cfd41466eefbc1f59a9f857fe5599fbbc8 100% [K
parsing GGUF ⠼ [K[?25h[?2026l[?2026h[?25l[A[A[1Ggathering model components [K
copying file sha256:b777952c0a430cd48016dec58a1d84cfd41466eefbc1f59a9f857fe5599fbbc8 100% [K
parsing GGUF ⠴ [K[?25h[?2026l[?2026h[?25l[A[A[1Ggathering model components [K
copying file sha256:b777952c0a430cd48016dec58a1d84cfd41466eefbc1f59a9f857fe5599fbbc8 100% [K
parsing GGUF ⠦ [K[?25h[?2026l[?2026h[?25l[A[A[1Ggathering model components [K
copying file sha256:b777952c0a430cd48016dec58a1d84cfd41466eefbc1f59a9f857fe5599fbbc8 100% [K
parsing GGUF ⠧ [K[?25h[?2026l[?2026h[?25l[A[A[1Ggathering model components [K
copying file sha256:b777952c0a430cd48016dec58a1d84cfd41466eefbc1f59a9f857fe5599fbbc8 100% [K
parsing GGUF ⠇ [K[?25h[?2026l[?2026h[?25l[A[A[1Ggathering model components [K
copying file sha256:b777952c0a430cd48016dec58a1d84cfd41466eefbc1f59a9f857fe5599fbbc8 100% [K
parsing GGUF ⠏ [K[?25h[?2026l[?2026h[?25l[A[A[1Ggathering model components [K
copying file sha256:b777952c0a430cd48016dec58a1d84cfd41466eefbc1f59a9f857fe5599fbbc8 100% [K
parsing GGUF ⠋ [K[?25h[?2026l[?2026h[?25l[A[A[1Ggathering model components [K
copying file sha256:b777952c0a430cd48016dec58a1d84cfd41466eefbc1f59a9f857fe5599fbbc8 100% [K
parsing GGUF ⠙ [K[?25h[?2026l[?2026h[?25l[A[A[1Ggathering model components [K
copying file sha256:b777952c0a430cd48016dec58a1d84cfd41466eefbc1f59a9f857fe5599fbbc8 100% [K
parsing GGUF ⠹ [K[?25h[?2026l[?2026h[?25l[A[A[1Ggathering model components [K
copying file sha256:b777952c0a430cd48016dec58a1d84cfd41466eefbc1f59a9f857fe5599fbbc8 100% [K
parsing GGUF ⠸ [K[?25h[?2026l[?2026h[?25l[A[A[1Ggathering model components [K
copying file sha256:b777952c0a430cd48016dec58a1d84cfd41466eefbc1f59a9f857fe5599fbbc8 100% [K
parsing GGUF ⠼ [K[?25h[?2026l[?2026h[?25l[A[A[1Ggathering model components [K
copying file sha256:b777952c0a430cd48016dec58a1d84cfd41466eefbc1f59a9f857fe5599fbbc8 100% [K
parsing GGUF ⠴ [K[?25h[?2026l[?2026h[?25l[A[A[1Ggathering model components [K
copying file sha256:b777952c0a430cd48016dec58a1d84cfd41466eefbc1f59a9f857fe5599fbbc8 100% [K
parsing GGUF ⠦ [K[?25h[?2026l[?2026h[?25l[A[A[1Ggathering model components [K
copying file sha256:b777952c0a430cd48016dec58a1d84cfd41466eefbc1f59a9f857fe5599fbbc8 100% [K
parsing GGUF ⠧ [K[?25h[?2026l[?2026h[?25l[A[A[1Ggathering model components [K
copying file sha256:b777952c0a430cd48016dec58a1d84cfd41466eefbc1f59a9f857fe5599fbbc8 100% [K
parsing GGUF ⠇ [K[?25h[?2026l[?2026h[?25l[A[A[1Ggathering model components [K
copying file sha256:b777952c0a430cd48016dec58a1d84cfd41466eefbc1f59a9f857fe5599fbbc8 100% [K
parsing GGUF ⠏ [K[?25h[?2026l[?2026h[?25l[A[A[1Ggathering model components [K
copying file sha256:b777952c0a430cd48016dec58a1d84cfd41466eefbc1f59a9f857fe5599fbbc8 100% [K
parsing GGUF ⠋ [K[?25h[?2026l[?2026h[?25l[A[A[1Ggathering model components [K
copying file sha256:b777952c0a430cd48016dec58a1d84cfd41466eefbc1f59a9f857fe5599fbbc8 100% [K
parsing GGUF ⠙ [K[?25h[?2026l[?2026h[?25l[A[A[1Ggathering model components [K
copying file sha256:b777952c0a430cd48016dec58a1d84cfd41466eefbc1f59a9f857fe5599fbbc8 100% [K
parsing GGUF ⠹ [K[?25h[?2026l[?2026h[?25l[A[A[1Ggathering model components [K
copying file sha256:b777952c0a430cd48016dec58a1d84cfd41466eefbc1f59a9f857fe5599fbbc8 100% [K
parsing GGUF ⠸ [K[?25h[?2026l[?2026h[?25l[A[A[1Ggathering model components [K
copying file sha256:b777952c0a430cd48016dec58a1d84cfd41466eefbc1f59a9f857fe5599fbbc8 100% [K
parsing GGUF ⠼ [K[?25h[?2026l[?2026h[?25l[A[A[1Ggathering model components [K
copying file sha256:b777952c0a430cd48016dec58a1d84cfd41466eefbc1f59a9f857fe5599fbbc8 100% [K
parsing GGUF ⠴ [K[?25h[?2026l[?2026h[?25l[A[A[1Ggathering model components [K
copying file sha256:b777952c0a430cd48016dec58a1d84cfd41466eefbc1f59a9f857fe5599fbbc8 100% [K
parsing GGUF ⠦ [K[?25h[?2026l[?2026h[?25l[A[A[1Ggathering model components [K
copying file sha256:b777952c0a430cd48016dec58a1d84cfd41466eefbc1f59a9f857fe5599fbbc8 100% [K
parsing GGUF ⠧ [K[?25h[?2026l[?2026h[?25l[A[A[1Ggathering model components [K
copying file sha256:b777952c0a430cd48016dec58a1d84cfd41466eefbc1f59a9f857fe5599fbbc8 100% [K
parsing GGUF ⠇ [K[?25h[?2026l[?2026h[?25l[A[A[1Ggathering model components [K
copying file sha256:b777952c0a430cd48016dec58a1d84cfd41466eefbc1f59a9f857fe5599fbbc8 100% [K
parsing GGUF ⠏ [K[?25h[?2026l[?2026h[?25l[A[A[1Ggathering model components [K
copying file sha256:b777952c0a430cd48016dec58a1d84cfd41466eefbc1f59a9f857fe5599fbbc8 100% [K
parsing GGUF ⠋ [K[?25h[?2026l[?2026h[?25l[A[A[1Ggathering model components [K
copying file sha256:b777952c0a430cd48016dec58a1d84cfd41466eefbc1f59a9f857fe5599fbbc8 100% [K
parsing GGUF ⠙ [K[?25h[?2026l[?2026h[?25l[A[A[1Ggathering model components [K
copying file sha256:b777952c0a430cd48016dec58a1d84cfd41466eefbc1f59a9f857fe5599fbbc8 100% [K
parsing GGUF ⠹ [K[?25h[?2026l[?2026h[?25l[A[A[1Ggathering model components [K
copying file sha256:b777952c0a430cd48016dec58a1d84cfd41466eefbc1f59a9f857fe5599fbbc8 100% [K
parsing GGUF ⠸ [K[?25h[?2026l[?2026h[?25l[A[A[1Ggathering model components [K
copying file sha256:b777952c0a430cd48016dec58a1d84cfd41466eefbc1f59a9f857fe5599fbbc8 100% [K
parsing GGUF ⠼ [K[?25h[?2026l[?2026h[?25l[A[A[1Ggathering model components [K
copying file sha256:b777952c0a430cd48016dec58a1d84cfd41466eefbc1f59a9f857fe5599fbbc8 100% [K
parsing GGUF ⠴ [K[?25h[?2026l[?2026h[?25l[A[A[1Ggathering model components [K
copying file sha256:b777952c0a430cd48016dec58a1d84cfd41466eefbc1f59a9f857fe5599fbbc8 100% [K
parsing GGUF ⠦ [K[?25h[?2026l[?2026h[?25l[A[A[1Ggathering model components [K
copying file sha256:b777952c0a430cd48016dec58a1d84cfd41466eefbc1f59a9f857fe5599fbbc8 100% [K
parsing GGUF ⠧ [K[?25h[?2026l[?2026h[?25l[A[A[1Ggathering model components [K
copying file sha256:b777952c0a430cd48016dec58a1d84cfd41466eefbc1f59a9f857fe5599fbbc8 100% [K
parsing GGUF ⠇ [K[?25h[?2026l[?2026h[?25l[A[A[1Ggathering model components [K
copying file sha256:b777952c0a430cd48016dec58a1d84cfd41466eefbc1f59a9f857fe5599fbbc8 100% [K
parsing GGUF ⠏ [K[?25h[?2026l[?2026h[?25l[A[A[1Ggathering model components [K
copying file sha256:b777952c0a430cd48016dec58a1d84cfd41466eefbc1f59a9f857fe5599fbbc8 100% [K
parsing GGUF ⠋ [K[?25h[?2026l[?2026h[?25l[A[A[1Ggathering model components [K
copying file sha256:b777952c0a430cd48016dec58a1d84cfd41466eefbc1f59a9f857fe5599fbbc8 100% [K
parsing GGUF ⠙ [K[?25h[?2026l[?2026h[?25l[A[A[1Ggathering model components [K
copying file sha256:b777952c0a430cd48016dec58a1d84cfd41466eefbc1f59a9f857fe5599fbbc8 100% [K
parsing GGUF ⠹ [K[?25h[?2026l[?2026h[?25l[A[A[1Ggathering model components [K
copying file sha256:b777952c0a430cd48016dec58a1d84cfd41466eefbc1f59a9f857fe5599fbbc8 100% [K
parsing GGUF ⠸ [K[?25h[?2026l[?2026h[?25l[A[A[1Ggathering model components [K
copying file sha256:b777952c0a430cd48016dec58a1d84cfd41466eefbc1f59a9f857fe5599fbbc8 100% [K
parsing GGUF ⠼ [K[?25h[?2026l[?2026h[?25l[A[A[1Ggathering model components [K
copying file sha256:b777952c0a430cd48016dec58a1d84cfd41466eefbc1f59a9f857fe5599fbbc8 100% [K
parsing GGUF ⠴ [K[?25h[?2026l[?2026h[?25l[A[A[1Ggathering model components [K
copying file sha256:b777952c0a430cd48016dec58a1d84cfd41466eefbc1f59a9f857fe5599fbbc8 100% [K
parsing GGUF ⠦ [K[?25h[?2026l[?2026h[?25l[A[A[1Ggathering model components [K
copying file sha256:b777952c0a430cd48016dec58a1d84cfd41466eefbc1f59a9f857fe5599fbbc8 100% [K
parsing GGUF ⠧ [K[?25h[?2026l[?2026h[?25l[A[A[1Ggathering model components [K
copying file sha256:b777952c0a430cd48016dec58a1d84cfd41466eefbc1f59a9f857fe5599fbbc8 100% [K
parsing GGUF ⠇ [K[?25h[?2026l[?2026h[?25l[A[A[1Ggathering model components [K
copying file sha256:b777952c0a430cd48016dec58a1d84cfd41466eefbc1f59a9f857fe5599fbbc8 100% [K
parsing GGUF ⠏ [K[?25h[?2026l[?2026h[?25l[A[A[1Ggathering model components [K
copying file sha256:b777952c0a430cd48016dec58a1d84cfd41466eefbc1f59a9f857fe5599fbbc8 100% [K
parsing GGUF ⠋ [K[?25h[?2026l[?2026h[?25l[A[A[1Ggathering model components [K
copying file sha256:b777952c0a430cd48016dec58a1d84cfd41466eefbc1f59a9f857fe5599fbbc8 100% [K
parsing GGUF ⠙ [K[?25h[?2026l[?2026h[?25l[A[A[1Ggathering model components [K
copying file sha256:b777952c0a430cd48016dec58a1d84cfd41466eefbc1f59a9f857fe5599fbbc8 100% [K
parsing GGUF ⠹ [K[?25h[?2026l[?2026h[?25l[A[A[1Ggathering model components [K
copying file sha256:b777952c0a430cd48016dec58a1d84cfd41466eefbc1f59a9f857fe5599fbbc8 100% [K
parsing GGUF ⠸ [K[?25h[?2026l[?2026h[?25l[A[A[1Ggathering model components [K
copying file sha256:b777952c0a430cd48016dec58a1d84cfd41466eefbc1f59a9f857fe5599fbbc8 100% [K
parsing GGUF ⠼ [K[?25h[?2026l[?2026h[?25l[A[A[1Ggathering model components [K
copying file sha256:b777952c0a430cd48016dec58a1d84cfd41466eefbc1f59a9f857fe5599fbbc8 100% [K
parsing GGUF ⠴ [K[?25h[?2026l[?2026h[?25l[A[A[1Ggathering model components [K
copying file sha256:b777952c0a430cd48016dec58a1d84cfd41466eefbc1f59a9f857fe5599fbbc8 100% [K
parsing GGUF ⠦ [K[?25h[?2026l[?2026h[?25l[A[A[1Ggathering model components [K
copying file sha256:b777952c0a430cd48016dec58a1d84cfd41466eefbc1f59a9f857fe5599fbbc8 100% [K
parsing GGUF ⠧ [K[?25h[?2026l[?2026h[?25l[A[A[1Ggathering model components [K
copying file sha256:b777952c0a430cd48016dec58a1d84cfd41466eefbc1f59a9f857fe5599fbbc8 100% [K
parsing GGUF ⠇ [K[?25h[?2026l[?2026h[?25l[A[A[1Ggathering model components [K
copying file sha256:b777952c0a430cd48016dec58a1d84cfd41466eefbc1f59a9f857fe5599fbbc8 100% [K
parsing GGUF ⠏ [K[?25h[?2026l[?2026h[?25l[A[A[1Ggathering model components [K
copying file sha256:b777952c0a430cd48016dec58a1d84cfd41466eefbc1f59a9f857fe5599fbbc8 100% [K
parsing GGUF ⠋ [K[?25h[?2026l[?2026h[?25l[A[A[1Ggathering model components [K
copying file sha256:b777952c0a430cd48016dec58a1d84cfd41466eefbc1f59a9f857fe5599fbbc8 100% [K
parsing GGUF ⠙ [K[?25h[?2026l[?2026h[?25l[A[A[1Ggathering model components [K
copying file sha256:b777952c0a430cd48016dec58a1d84cfd41466eefbc1f59a9f857fe5599fbbc8 100% [K
parsing GGUF ⠹ [K[?25h[?2026l[?2026h[?25l[A[A[1Ggathering model components [K
copying file sha256:b777952c0a430cd48016dec58a1d84cfd41466eefbc1f59a9f857fe5599fbbc8 100% [K
parsing GGUF ⠸ [K[?25h[?2026l[?2026h[?25l[A[A[1Ggathering model components [K
copying file sha256:b777952c0a430cd48016dec58a1d84cfd41466eefbc1f59a9f857fe5599fbbc8 100% [K
parsing GGUF ⠼ [K[?25h[?2026l[?2026h[?25l[A[A[1Ggathering model components [K
copying file sha256:b777952c0a430cd48016dec58a1d84cfd41466eefbc1f59a9f857fe5599fbbc8 100% [K
parsing GGUF ⠴ [K[?25h[?2026l[?2026h[?25l[A[A[1Ggathering model components [K
copying file sha256:b777952c0a430cd48016dec58a1d84cfd41466eefbc1f59a9f857fe5599fbbc8 100% [K
parsing GGUF ⠦ [K[?25h[?2026l[?2026h[?25l[A[A[1Ggathering model components [K
copying file sha256:b777952c0a430cd48016dec58a1d84cfd41466eefbc1f59a9f857fe5599fbbc8 100% [K
parsing GGUF ⠧ [K[?25h[?2026l[?2026h[?25l[A[A[1Ggathering model components [K
copying file sha256:b777952c0a430cd48016dec58a1d84cfd41466eefbc1f59a9f857fe5599fbbc8 100% [K
parsing GGUF ⠇ [K[?25h[?2026l[?2026h[?25l[A[A[1Ggathering model components [K
copying file sha256:b777952c0a430cd48016dec58a1d84cfd41466eefbc1f59a9f857fe5599fbbc8 100% [K
parsing GGUF ⠏ [K[?25h[?2026l[?2026h[?25l[A[A[1Ggathering model components [K
copying file sha256:b777952c0a430cd48016dec58a1d84cfd41466eefbc1f59a9f857fe5599fbbc8 100% [K
parsing GGUF ⠋ [K[?25h[?2026l[?2026h[?25l[A[A[1Ggathering model components [K
copying file sha256:b777952c0a430cd48016dec58a1d84cfd41466eefbc1f59a9f857fe5599fbbc8 100% [K
parsing GGUF ⠙ [K[?25h[?2026l[?2026h[?25l[A[A[1Ggathering model components [K
copying file sha256:b777952c0a430cd48016dec58a1d84cfd41466eefbc1f59a9f857fe5599fbbc8 100% [K
parsing GGUF ⠹ [K[?25h[?2026l[?2026h[?25l[A[A[1Ggathering model components [K
copying file sha256:b777952c0a430cd48016dec58a1d84cfd41466eefbc1f59a9f857fe5599fbbc8 100% [K
parsing GGUF ⠸ [K[?25h[?2026l[?2026h[?25l[A[A[1Ggathering model components [K
copying file sha256:b777952c0a430cd48016dec58a1d84cfd41466eefbc1f59a9f857fe5599fbbc8 100% [K
parsing GGUF ⠼ [K[?25h[?2026l[?2026h[?25l[A[A[1Ggathering model components [K
copying file sha256:b777952c0a430cd48016dec58a1d84cfd41466eefbc1f59a9f857fe5599fbbc8 100% [K
parsing GGUF ⠴ [K[?25h[?2026l[?2026h[?25l[A[A[1Ggathering model components [K
copying file sha256:b777952c0a430cd48016dec58a1d84cfd41466eefbc1f59a9f857fe5599fbbc8 100% [K
parsing GGUF ⠦ [K[?25h[?2026l[?2026h[?25l[A[A[1Ggathering model components [K
copying file sha256:b777952c0a430cd48016dec58a1d84cfd41466eefbc1f59a9f857fe5599fbbc8 100% [K
parsing GGUF ⠧ [K[?25h[?2026l[?2026h[?25l[A[A[1Ggathering model components [K
copying file sha256:b777952c0a430cd48016dec58a1d84cfd41466eefbc1f59a9f857fe5599fbbc8 100% [K
parsing GGUF ⠇ [K[?25h[?2026l[?2026h[?25l[A[A[1Ggathering model components [K
copying file sha256:b777952c0a430cd48016dec58a1d84cfd41466eefbc1f59a9f857fe5599fbbc8 100% [K
parsing GGUF ⠏ [K[?25h[?2026l[?2026h[?25l[A[A[1Ggathering model components [K
copying file sha256:b777952c0a430cd48016dec58a1d84cfd41466eefbc1f59a9f857fe5599fbbc8 100% [K
parsing GGUF ⠋ [K[?25h[?2026l[?2026h[?25l[A[A[1Ggathering model components [K
copying file sha256:b777952c0a430cd48016dec58a1d84cfd41466eefbc1f59a9f857fe5599fbbc8 100% [K
parsing GGUF ⠙ [K[?25h[?2026l[?2026h[?25l[A[A[1Ggathering model components [K
copying file sha256:b777952c0a430cd48016dec58a1d84cfd41466eefbc1f59a9f857fe5599fbbc8 100% [K
parsing GGUF ⠹ [K[?25h[?2026l[?2026h[?25l[A[A[1Ggathering model components [K
copying file sha256:b777952c0a430cd48016dec58a1d84cfd41466eefbc1f59a9f857fe5599fbbc8 100% [K
parsing GGUF ⠸ [K[?25h[?2026l[?2026h[?25l[A[A[1Ggathering model components [K
copying file sha256:b777952c0a430cd48016dec58a1d84cfd41466eefbc1f59a9f857fe5599fbbc8 100% [K
parsing GGUF ⠼ [K[?25h[?2026l[?2026h[?25l[A[A[1Ggathering model components [K
copying file sha256:b777952c0a430cd48016dec58a1d84cfd41466eefbc1f59a9f857fe5599fbbc8 100% [K
parsing GGUF ⠴ [K[?25h[?2026l[?2026h[?25l[A[A[1Ggathering model components [K
copying file sha256:b777952c0a430cd48016dec58a1d84cfd41466eefbc1f59a9f857fe5599fbbc8 100% [K
parsing GGUF ⠦ [K[?25h[?2026l[?2026h[?25l[A[A[1Ggathering model components [K
copying file sha256:b777952c0a430cd48016dec58a1d84cfd41466eefbc1f59a9f857fe5599fbbc8 100% [K
parsing GGUF ⠧ [K[?25h[?2026l[?2026h[?25l[A[A[1Ggathering model components [K
copying file sha256:b777952c0a430cd48016dec58a1d84cfd41466eefbc1f59a9f857fe5599fbbc8 100% [K
parsing GGUF ⠇ [K[?25h[?2026l[?2026h[?25l[A[A[1Ggathering model components [K
copying file sha256:b777952c0a430cd48016dec58a1d84cfd41466eefbc1f59a9f857fe5599fbbc8 100% [K
parsing GGUF ⠏ [K[?25h[?2026l