
===== google/gemma-4-31b-it =====
  01_rle           #0 PASS    4.6s turns=3 tools=2 out=359
  01_rle           #1 PASS    4.7s turns=3 tools=2 out=366
  02_lru           #0 PASS    3.7s turns=3 tools=2 out=453
  02_lru           #1 PASS    2.2s turns=3 tools=2 out=455
  03_calc          #0 PASS    2.1s turns=3 tools=2 out=1051
  03_calc          #1 PASS    3.1s turns=3 tools=2 out=1315
  04_csv           #0 PASS   47.3s turns=6 tools=5 out=11422
  04_csv           #1 PASS   24.2s turns=4 tools=3 out=6480
  05_bugfix        #0 PASS    2.8s turns=6 tools=5 out=454
  05_bugfix        #1 PASS    2.4s turns=6 tools=5 out=502
  06_refactor      #0 PASS    6.6s turns=13 tools=12 out=1073
  06_refactor      #1 PASS    6.9s turns=12 tools=11 out=1021
  07_dijkstra      #0 PASS    6.0s turns=4 tools=3 out=1502
  07_dijkstra      #1 PASS    1.8s turns=3 tools=2 out=721
  08_topo          #0 PASS    2.4s turns=3 tools=2 out=988
  08_topo          #1 PASS    2.2s turns=3 tools=2 out=870
  09_wc            #0 PASS    3.4s turns=4 tools=3 out=951
  09_wc            #1 PASS    7.8s turns=4 tools=3 out=1973
  10_intervals     #0 PASS    2.0s turns=3 tools=2 out=925
  10_intervals     #1 PASS    9.4s turns=5 tools=4 out=2486
  11_roman         #0 PASS    1.8s turns=3 tools=2 out=841
  11_roman         #1 PASS    2.3s turns=3 tools=2 out=743

# pi bench (ov-gemma4-31b)

| model | size | %GPU | gen tok/s | pass | tasks solved | wall/run | out tok/run | tool calls/run |
|---|---|---|---|---|---|---|---|---|
| google/gemma-4-31b-it | ? GB | ? | ? | 22/22 | 11/11 all-trials | 7s | 1680 | 3.5 |

## Per task (passes/trials)

| task | google/gemma-4-31b-it |
|---|---|
| 01_rle | 2/2 |
| 02_lru | 2/2 |
| 03_calc | 2/2 |
| 04_csv | 2/2 |
| 05_bugfix | 2/2 |
| 06_refactor | 2/2 |
| 07_dijkstra | 2/2 |
| 08_topo | 2/2 |
| 09_wc | 2/2 |
| 10_intervals | 2/2 |
| 11_roman | 2/2 |
