=== start q27-Q3_K_S 2026-09-03T12:41:25-06:00

===== q27-Q3_K_S =====
  52_reengine      #0 FAIL 1200.1s turns=4 tools=3 out=24360 STOP=toolUse TIMEOUT ERR=Stream ended without finish_reason
  55_minilang      #0 FAIL 1200.1s turns=2 tools=0 out=23780 STOP=length TIMEOUT ERR=Stream ended without finish_reason
  57_stateful      #0 FAIL 1200.1s turns=17 tools=17 out=57044 STOP=toolUse TIMEOUT
  60_numlit        #0 FAIL 1200.1s turns=11 tools=9 out=51311 STOP=error TIMEOUT ERR=Stream ended without finish_reason

# pi bench (v5-smoke-q27-Q3_K_S)

| model | size | %GPU | gen tok/s (empty ctx / fullest measured) | pass | mean score | tasks solved | wall/run | out tok/run | tool calls/run | length stops |
|---|---|---|---|---|---|---|---|---|---|---|
| q27-Q3_K_S | ? GB | ? | ? | 0/4 | 0.05 (4/4 runs) | 0/4 all-trials | 1200s | 39124 | 7.2 | 3 in 3/4 |

## Per task (passes/trials)

| task | q27-Q3_K_S |
|---|---|
| 52_reengine | 0/1 (score 0.00) |
| 55_minilang | 0/1 (score 0.00) |
| 57_stateful | 0/1 (score 0.19) |
| 60_numlit | 0/1 (score 0.00) |
=== q27-Q3_K_S exit=0 2026-09-03T14:01:29-06:00
=== start q27-Q2_K_L 2026-09-03T14:01:29-06:00

===== q27-Q2_K_L =====
=== medium legs stopped by owner at 2026-09-03T14:09:28; Q2_K_L medium partial
