=== start q27-Q3_K_S low 2026-09-03T14:09:28-06:00

===== q27-Q3_K_S =====
  52_reengine      #0 FAIL 1084.3s turns=4 tools=2 out=48954 STOP=length
  55_minilang      #0 FAIL 1200.1s turns=4 tools=3 out=46659 STOP=toolUse TIMEOUT
  57_stateful      #0 FAIL 1110.9s turns=5 tools=3 out=48506 STOP=length
  60_numlit        #0 FAIL 1112.8s turns=5 tools=3 out=52915 STOP=length

# pi bench (v5-smoke-low-q27-Q3_K_S)

| model | size | %GPU | gen tok/s (empty ctx / fullest measured) | pass | mean score | tasks solved | wall/run | out tok/run | tool calls/run | length stops |
|---|---|---|---|---|---|---|---|---|---|---|
| q27-Q3_K_S | ? GB | ? | ? | 0/4 | 0.00 (4/4 runs) | 0/4 all-trials | 1127s | 49258 | 2.8 | 7 in 4/4 |

## Per task (passes/trials)

| task | q27-Q3_K_S |
|---|---|
| 52_reengine | 0/1 (score 0.00) |
| 55_minilang | 0/1 (score 0.00) |
| 57_stateful | 0/1 (score 0.00) |
| 60_numlit | 0/1 (score 0.00) |
=== q27-Q3_K_S low exit=0 2026-09-03T15:24:39-06:00
=== start q27-Q2_K_L low 2026-09-03T15:24:39-06:00

===== q27-Q2_K_L =====
  52_reengine      #0 FAIL 1200.1s turns=25 tools=24 out=56421 STOP=toolUse TIMEOUT
  55_minilang      #0 FAIL 1200.1s turns=4 tools=3 out=24500 STOP=toolUse TIMEOUT
  57_stateful      #0 FAIL 1200.1s turns=27 tools=28 out=61515 STOP=toolUse TIMEOUT
  60_numlit        #0 FAIL 1200.1s turns=11 tools=10 out=64060 STOP=toolUse TIMEOUT

# pi bench (v5-smoke-low-q27-Q2_K_L)

| model | size | %GPU | gen tok/s (empty ctx / fullest measured) | pass | mean score | tasks solved | wall/run | out tok/run | tool calls/run | length stops |
|---|---|---|---|---|---|---|---|---|---|---|
| q27-Q2_K_L | ? GB | ? | ? | 0/4 | 0.32 (4/4 runs) | 0/4 all-trials | 1200s | 51624 | 16.2 | 3 in 3/4 |

## Per task (passes/trials)

| task | q27-Q2_K_L |
|---|---|
| 52_reengine | 0/1 (score 0.65) |
| 55_minilang | 0/1 (score 0.00) |
| 57_stateful | 0/1 (score 0.46) |
| 60_numlit | 0/1 (score 0.17) |
=== q27-Q2_K_L low exit=0 2026-09-03T16:44:43-06:00
=== start q27-Q3_K_M low 2026-09-03T16:44:43-06:00

===== q27-Q3_K_M =====
=== SMOKE-LOW STOPPED by owner during q27-Q3_K_M 2026-09-03T16:51:42-06:00
