
===== inception/mercury-2.5-preview =====
  g01              #0 PASS    9.0s turns=7 tools=6 out=3398 VERDICT=correct STOP=stop
  g02              #0 PASS    5.5s turns=5 tools=5 out=608 VERDICT=correct STOP=stop
  g03              #0 FAIL    9.4s turns=9 tools=14 out=2220 VERDICT=confidently_wrong STOP=stop
  g04              #0 PASS    4.3s turns=7 tools=8 out=1354 VERDICT=correct STOP=stop
  t01              #0 FAIL    6.7s turns=5 tools=10 out=1738 VERDICT=visibly_failed STOP=stop
  t02              #0 FAIL    3.6s turns=4 tools=3 out=906 VERDICT=confidently_wrong STOP=stop
  t03              #0 PASS    4.7s turns=4 tools=3 out=669 VERDICT=correct STOP=stop
  t04              #0 FAIL    3.2s turns=4 tools=5 out=515 VERDICT=confidently_wrong STOP=stop

# pi bench (smoke-mercury)

| model | size | %GPU | gen tok/s (empty ctx / fullest measured) | pass | mean score | tasks solved | wall/run | out tok/run | tool calls/run | correct | visibly_failed | confidently_wrong | confidently_wrong rate | length stops |
|---|---|---|---|---|---|---|---|---|---|---|---|---|---|---|
| inception/mercury-2.5-preview | ? GB | ? | ? | 4/8 | 0.79 (8/8 runs) | 4/8 all-trials | 6s | 1426 | 6.8 | 4 | 1 | 3 | 37.5% | 0 in 0/8 |

## Per task (passes/trials)

| task | inception/mercury-2.5-preview |
|---|---|
| g01 | 1/1 (score 1.00) |
| g02 | 1/1 (score 1.00) |
| g03 | 0/1 (score 0.87) |
| g04 | 1/1 (score 1.00) |
| t01 | 0/1 (score 0.00) |
| t02 | 0/1 (score 0.67) |
| t03 | 1/1 (score 1.00) |
| t04 | 0/1 (score 0.75) |
