2026-09-05T00:06:16-06:00 5h=64.60 week=12.92
2026-09-05T00:08:47-06:00 5h=70.10 week=14.02
2026-09-05T00:11:17-06:00 5h=73.30 week=14.66
2026-09-05T00:13:32-06:00 5h=75.00 week=15.00
2026-09-05T00:16:03-06:00 5h=77.20 week=15.44
2026-09-05T00:18:33-06:00 5h=78.30 week=15.66
2026-09-05T00:21:04-06:00 5h=81.10 week=16.22
2026-09-05T00:23:35-06:00 5h=81.70 week=16.34
2026-09-05T00:26:05-06:00 5h=82.60 week=16.52
2026-09-05T00:28:36-06:00 5h=84.20 week=16.84
2026-09-05T00:31:06-06:00 5h=85.50 week=17.10
2026-09-05T00:33:37-06:00 5h=87.15 week=17.43
2026-09-05T00:36:08-06:00 5h=89.20 week=17.84
2026-09-05T00:38:38-06:00 5h=91.05 week=18.21
2026-09-05T00:41:09-06:00 5h=93.45 week=18.69
2026-09-05T00:41:09-06:00 GUARD TRIPPED at 5h=93.45%
stopped supervisor 751411
stopping pibench 3436
stopping pi child 16844
2026-09-05T00:43:30-06:00 waiting for reset, 5h=95.60
2026-09-05T00:45:31-06:00 waiting for reset, 5h=97.70
2026-09-05T00:47:31-06:00 waiting for reset, 5h=98.95
2026-09-05T00:49:32-06:00 waiting for reset, 5h=99.65
2026-09-05T00:51:32-06:00 waiting for reset, 5h=100.05
2026-09-05T00:53:33-06:00 waiting for reset, 5h=100.05
2026-09-05T00:55:33-06:00 waiting for reset, 5h=100.05
2026-09-05T00:57:34-06:00 waiting for reset, 5h=100.05
2026-09-05T00:59:35-06:00 waiting for reset, 5h=100.05
2026-09-05T01:01:36-06:00 waiting for reset, 5h=100.05
2026-09-05T01:03:36-06:00 waiting for reset, 5h=100.05
2026-09-05T01:05:37-06:00 waiting for reset, 5h=100.05
